[2026-06-22T01:24:15.615Z] info: kubernetes.yaml was copied to the config folder
[2026-06-22T01:24:52.241Z] error: Host validation failed for: localhost:3005. Hint: Set the HOMEPAGE_ALLOWED_HOSTS environment variable to allow requests from this host / port.
[2026-06-22T01:24:52.301Z] error: Host validation failed for: localhost:3005. Hint: Set the HOMEPAGE_ALLOWED_HOSTS environment variable to allow requests from this host / port.
[2026-06-22T01:24:52.387Z] error: Host validation failed for: localhost:3005. Hint: Set the HOMEPAGE_ALLOWED_HOSTS environment variable to allow requests from this host / port.
[2026-06-22T01:24:52.393Z] error: Host validation failed for: localhost:3005. Hint: Set the HOMEPAGE_ALLOWED_HOSTS environment variable to allow requests from this host / port.
[2026-06-22T01:24:52.398Z] error: Host validation failed for: localhost:3005. Hint: Set the HOMEPAGE_ALLOWED_HOSTS environment variable to allow requests from this host / port.
[2026-06-22T01:24:52.403Z] error: Host validation failed for: localhost:3005. Hint: Set the HOMEPAGE_ALLOWED_HOSTS environment variable to allow requests from this host / port.
[2026-06-22T01:24:52.408Z] error: Host validation failed for: localhost:3005. Hint: Set the HOMEPAGE_ALLOWED_HOSTS environment variable to allow requests from this host / port.
[2026-06-22T01:24:52.410Z] error: Host validation failed for: localhost:3005. Hint: Set the HOMEPAGE_ALLOWED_HOSTS environment variable to allow requests from this host / port.
[2026-06-22T01:24:52.421Z] error: Host validation failed for: localhost:3005. Hint: Set the HOMEPAGE_ALLOWED_HOSTS environment variable to allow requests from this host / port.
[2026-06-22T01:24:52.427Z] error: Host validation failed for: localhost:3005. Hint: Set the HOMEPAGE_ALLOWED_HOSTS environment variable to allow requests from this host / port.
[2026-06-22T01:24:52.430Z] error: Host validation failed for: localhost:3005. Hint: Set the HOMEPAGE_ALLOWED_HOSTS environment variable to allow requests from this host / port.
[2026-06-22T01:24:52.435Z] error: Host validation failed for: localhost:3005. Hint: Set the HOMEPAGE_ALLOWED_HOSTS environment variable to allow requests from this host / port.
[2026-06-22T01:24:52.451Z] error: Host validation failed for: localhost:3005. Hint: Set the HOMEPAGE_ALLOWED_HOSTS environment variable to allow requests from this host / port.
[2026-06-22T01:27:54.661Z] error: Host validation failed for: localhost:3005. Hint: Set the HOMEPAGE_ALLOWED_HOSTS environment variable to allow requests from this host / port.
[2026-06-22T01:27:54.664Z] error: Host validation failed for: localhost:3005. Hint: Set the HOMEPAGE_ALLOWED_HOSTS environment variable to allow requests from this host / port.
[2026-06-22T01:31:48.704Z] error: Host validation failed for: localhost:3005. Hint: Set the HOMEPAGE_ALLOWED_HOSTS environment variable to allow requests from this host / port.
[2026-06-22T01:31:48.720Z] error: Host validation failed for: localhost:3005. Hint: Set the HOMEPAGE_ALLOWED_HOSTS environment variable to allow requests from this host / port.
[2026-06-22T01:31:58.162Z] error: Host validation failed for: localhost:3005. Hint: Set the HOMEPAGE_ALLOWED_HOSTS environment variable to allow requests from this host / port.
[2026-06-22T01:31:58.169Z] error: Host validation failed for: localhost:3005. Hint: Set the HOMEPAGE_ALLOWED_HOSTS environment variable to allow requests from this host / port.
[2026-06-22T01:32:00.814Z] error: Host validation failed for: localhost:3005. Hint: Set the HOMEPAGE_ALLOWED_HOSTS environment variable to allow requests from this host / port.
[2026-06-22T01:32:00.984Z] error: Host validation failed for: localhost:3005. Hint: Set the HOMEPAGE_ALLOWED_HOSTS environment variable to allow requests from this host / port.
[2026-06-22T01:32:00.990Z] error: Host validation failed for: localhost:3005. Hint: Set the HOMEPAGE_ALLOWED_HOSTS environment variable to allow requests from this host / port.
[2026-06-22T01:32:00.996Z] error: Host validation failed for: localhost:3005. Hint: Set the HOMEPAGE_ALLOWED_HOSTS environment variable to allow requests from this host / port.
[2026-06-22T01:32:01.002Z] error: Host validation failed for: localhost:3005. Hint: Set the HOMEPAGE_ALLOWED_HOSTS environment variable to allow requests from this host / port.
[2026-06-22T01:32:01.008Z] error: Host validation failed for: localhost:3005. Hint: Set the HOMEPAGE_ALLOWED_HOSTS environment variable to allow requests from this host / port.
[2026-06-22T01:32:01.011Z] error: Host validation failed for: localhost:3005. Hint: Set the HOMEPAGE_ALLOWED_HOSTS environment variable to allow requests from this host / port.
[2026-06-22T01:32:01.014Z] error: Host validation failed for: localhost:3005. Hint: Set the HOMEPAGE_ALLOWED_HOSTS environment variable to allow requests from this host / port.
[2026-06-22T01:32:01.022Z] error: Host validation failed for: localhost:3005. Hint: Set the HOMEPAGE_ALLOWED_HOSTS environment variable to allow requests from this host / port.
[2026-06-22T01:32:01.052Z] error: Host validation failed for: localhost:3005. Hint: Set the HOMEPAGE_ALLOWED_HOSTS environment variable to allow requests from this host / port.
[2026-06-22T01:32:01.055Z] error: Host validation failed for: localhost:3005. Hint: Set the HOMEPAGE_ALLOWED_HOSTS environment variable to allow requests from this host / port.
[2026-06-22T01:32:01.057Z] error: Host validation failed for: localhost:3005. Hint: Set the HOMEPAGE_ALLOWED_HOSTS environment variable to allow requests from this host / port.
[2026-06-22T01:32:01.059Z] error: Host validation failed for: localhost:3005. Hint: Set the HOMEPAGE_ALLOWED_HOSTS environment variable to allow requests from this host / port.
[2026-06-22T01:32:04.071Z] error: Host validation failed for: localhost:3005. Hint: Set the HOMEPAGE_ALLOWED_HOSTS environment variable to allow requests from this host / port.
[2026-06-22T01:32:04.237Z] error: Host validation failed for: localhost:3005. Hint: Set the HOMEPAGE_ALLOWED_HOSTS environment variable to allow requests from this host / port.
[2026-06-22T01:32:04.240Z] error: Host validation failed for: localhost:3005. Hint: Set the HOMEPAGE_ALLOWED_HOSTS environment variable to allow requests from this host / port.
[2026-06-22T01:32:04.243Z] error: Host validation failed for: localhost:3005. Hint: Set the HOMEPAGE_ALLOWED_HOSTS environment variable to allow requests from this host / port.
[2026-06-22T01:32:04.247Z] error: Host validation failed for: localhost:3005. Hint: Set the HOMEPAGE_ALLOWED_HOSTS environment variable to allow requests from this host / port.
[2026-06-22T01:32:04.250Z] error: Host validation failed for: localhost:3005. Hint: Set the HOMEPAGE_ALLOWED_HOSTS environment variable to allow requests from this host / port.
[2026-06-22T01:32:04.253Z] error: Host validation failed for: localhost:3005. Hint: Set the HOMEPAGE_ALLOWED_HOSTS environment variable to allow requests from this host / port.
[2026-06-22T01:32:04.259Z] error: Host validation failed for: localhost:3005. Hint: Set the HOMEPAGE_ALLOWED_HOSTS environment variable to allow requests from this host / port.
[2026-06-22T01:32:04.266Z] error: Host validation failed for: localhost:3005. Hint: Set the HOMEPAGE_ALLOWED_HOSTS environment variable to allow requests from this host / port.
[2026-06-22T01:32:04.282Z] error: Host validation failed for: localhost:3005. Hint: Set the HOMEPAGE_ALLOWED_HOSTS environment variable to allow requests from this host / port.
[2026-06-22T01:32:04.284Z] error: Host validation failed for: localhost:3005. Hint: Set the HOMEPAGE_ALLOWED_HOSTS environment variable to allow requests from this host / port.
[2026-06-22T01:32:04.287Z] error: Host validation failed for: localhost:3005. Hint: Set the HOMEPAGE_ALLOWED_HOSTS environment variable to allow requests from this host / port.
[2026-06-22T01:32:04.297Z] error: Host validation failed for: localhost:3005. Hint: Set the HOMEPAGE_ALLOWED_HOSTS environment variable to allow requests from this host / port.
[2026-06-22T01:32:05.105Z] error: Host validation failed for: localhost:3005. Hint: Set the HOMEPAGE_ALLOWED_HOSTS environment variable to allow requests from this host / port.
[2026-06-22T01:32:05.262Z] error: Host validation failed for: localhost:3005. Hint: Set the HOMEPAGE_ALLOWED_HOSTS environment variable to allow requests from this host / port.
[2026-06-22T01:32:05.265Z] error: Host validation failed for: localhost:3005. Hint: Set the HOMEPAGE_ALLOWED_HOSTS environment variable to allow requests from this host / port.
[2026-06-22T01:32:05.267Z] error: Host validation failed for: localhost:3005. Hint: Set the HOMEPAGE_ALLOWED_HOSTS environment variable to allow requests from this host / port.
[2026-06-22T01:32:05.269Z] error: Host validation failed for: localhost:3005. Hint: Set the HOMEPAGE_ALLOWED_HOSTS environment variable to allow requests from this host / port.
[2026-06-22T01:32:05.271Z] error: Host validation failed for: localhost:3005. Hint: Set the HOMEPAGE_ALLOWED_HOSTS environment variable to allow requests from this host / port.
[2026-06-22T01:32:05.274Z] error: Host validation failed for: localhost:3005. Hint: Set the HOMEPAGE_ALLOWED_HOSTS environment variable to allow requests from this host / port.
[2026-06-22T01:32:05.278Z] error: Host validation failed for: localhost:3005. Hint: Set the HOMEPAGE_ALLOWED_HOSTS environment variable to allow requests from this host / port.
[2026-06-22T01:32:05.307Z] error: Host validation failed for: localhost:3005. Hint: Set the HOMEPAGE_ALLOWED_HOSTS environment variable to allow requests from this host / port.
[2026-06-22T01:32:05.310Z] error: Host validation failed for: localhost:3005. Hint: Set the HOMEPAGE_ALLOWED_HOSTS environment variable to allow requests from this host / port.
[2026-06-22T01:32:05.313Z] error: Host validation failed for: localhost:3005. Hint: Set the HOMEPAGE_ALLOWED_HOSTS environment variable to allow requests from this host / port.
[2026-06-22T01:32:05.316Z] error: Host validation failed for: localhost:3005. Hint: Set the HOMEPAGE_ALLOWED_HOSTS environment variable to allow requests from this host / port.
[2026-06-22T01:32:05.320Z] error: Host validation failed for: localhost:3005. Hint: Set the HOMEPAGE_ALLOWED_HOSTS environment variable to allow requests from this host / port.
[2026-06-22T01:32:07.027Z] error: Host validation failed for: localhost:3005. Hint: Set the HOMEPAGE_ALLOWED_HOSTS environment variable to allow requests from this host / port.
[2026-06-22T01:32:07.173Z] error: Host validation failed for: localhost:3005. Hint: Set the HOMEPAGE_ALLOWED_HOSTS environment variable to allow requests from this host / port.
[2026-06-22T01:32:07.176Z] error: Host validation failed for: localhost:3005. Hint: Set the HOMEPAGE_ALLOWED_HOSTS environment variable to allow requests from this host / port.
[2026-06-22T01:32:07.180Z] error: Host validation failed for: localhost:3005. Hint: Set the HOMEPAGE_ALLOWED_HOSTS environment variable to allow requests from this host / port.
[2026-06-22T01:32:07.183Z] error: Host validation failed for: localhost:3005. Hint: Set the HOMEPAGE_ALLOWED_HOSTS environment variable to allow requests from this host / port.
[2026-06-22T01:32:07.185Z] error: Host validation failed for: localhost:3005. Hint: Set the HOMEPAGE_ALLOWED_HOSTS environment variable to allow requests from this host / port.
[2026-06-22T01:32:07.188Z] error: Host validation failed for: localhost:3005. Hint: Set the HOMEPAGE_ALLOWED_HOSTS environment variable to allow requests from this host / port.
[2026-06-22T01:32:07.193Z] error: Host validation failed for: localhost:3005. Hint: Set the HOMEPAGE_ALLOWED_HOSTS environment variable to allow requests from this host / port.
[2026-06-22T01:32:07.196Z] error: Host validation failed for: localhost:3005. Hint: Set the HOMEPAGE_ALLOWED_HOSTS environment variable to allow requests from this host / port.
[2026-06-22T01:32:07.198Z] error: Host validation failed for: localhost:3005. Hint: Set the HOMEPAGE_ALLOWED_HOSTS environment variable to allow requests from this host / port.
[2026-06-22T01:32:07.200Z] error: Host validation failed for: localhost:3005. Hint: Set the HOMEPAGE_ALLOWED_HOSTS environment variable to allow requests from this host / port.
[2026-06-22T01:32:07.237Z] error: Host validation failed for: localhost:3005. Hint: Set the HOMEPAGE_ALLOWED_HOSTS environment variable to allow requests from this host / port.
[2026-06-22T01:32:07.243Z] error: Host validation failed for: localhost:3005. Hint: Set the HOMEPAGE_ALLOWED_HOSTS environment variable to allow requests from this host / port.
[2026-06-22T01:33:42.667Z] error: Host validation failed for: localhost:3003. Hint: Set the HOMEPAGE_ALLOWED_HOSTS environment variable to allow requests from this host / port.
[2026-06-22T01:33:42.806Z] error: Host validation failed for: localhost:3003. Hint: Set the HOMEPAGE_ALLOWED_HOSTS environment variable to allow requests from this host / port.
[2026-06-22T01:33:42.811Z] error: Host validation failed for: localhost:3003. Hint: Set the HOMEPAGE_ALLOWED_HOSTS environment variable to allow requests from this host / port.
[2026-06-22T01:33:42.815Z] error: Host validation failed for: localhost:3003. Hint: Set the HOMEPAGE_ALLOWED_HOSTS environment variable to allow requests from this host / port.
[2026-06-22T01:33:42.819Z] error: Host validation failed for: localhost:3003. Hint: Set the HOMEPAGE_ALLOWED_HOSTS environment variable to allow requests from this host / port.
[2026-06-22T01:33:42.825Z] error: Host validation failed for: localhost:3003. Hint: Set the HOMEPAGE_ALLOWED_HOSTS environment variable to allow requests from this host / port.
[2026-06-22T01:33:42.830Z] error: Host validation failed for: localhost:3003. Hint: Set the HOMEPAGE_ALLOWED_HOSTS environment variable to allow requests from this host / port.
[2026-06-22T01:33:42.842Z] error: Host validation failed for: localhost:3003. Hint: Set the HOMEPAGE_ALLOWED_HOSTS environment variable to allow requests from this host / port.
[2026-06-22T01:33:42.848Z] error: Host validation failed for: localhost:3003. Hint: Set the HOMEPAGE_ALLOWED_HOSTS environment variable to allow requests from this host / port.
[2026-06-22T01:33:42.854Z] error: Host validation failed for: localhost:3003. Hint: Set the HOMEPAGE_ALLOWED_HOSTS environment variable to allow requests from this host / port.
[2026-06-22T01:33:42.858Z] error: Host validation failed for: localhost:3003. Hint: Set the HOMEPAGE_ALLOWED_HOSTS environment variable to allow requests from this host / port.
[2026-06-22T01:33:42.864Z] error: Host validation failed for: localhost:3003. Hint: Set the HOMEPAGE_ALLOWED_HOSTS environment variable to allow requests from this host / port.
[2026-06-22T01:36:17.305Z] info: docker.yaml was copied to the config folder
[2026-06-22T01:36:17.307Z] info: services.yaml was copied to the config folder
[2026-06-22T01:36:17.308Z] info: bookmarks.yaml was copied to the config folder
[2026-06-22T01:36:17.308Z] info: widgets.yaml was copied to the config folder
[2026-06-22T01:36:17.309Z] info: custom.css was copied to the config folder
[2026-06-22T01:36:17.310Z] info: custom.js was copied to the config folder
[2026-06-22T01:36:17.327Z] info: proxmox.yaml was copied to the config folder
[2026-06-22T02:04:27.272Z] error: Failed to load services.yaml, please check for errors
[2026-06-22T02:04:27.273Z] error: TypeError: Cannot read properties of null (reading 'forEach')
[2026-06-22T02:04:27.397Z] error: Failed to load services.yaml, please check for errors
[2026-06-22T02:04:27.397Z] error: TypeError: Cannot read properties of null (reading 'forEach')
[2026-06-22T02:04:27.760Z] error: Failed to load services.yaml, please check for errors
[2026-06-22T02:04:27.760Z] error: TypeError: Cannot read properties of null (reading 'forEach')
[2026-06-22T02:04:33.477Z] error: Failed to load services.yaml, please check for errors
[2026-06-22T02:04:33.477Z] error: TypeError: Cannot read properties of null (reading 'forEach')
[2026-06-22T02:05:39.370Z] error: Failed to load services.yaml, please check for errors
[2026-06-22T02:05:39.370Z] error: TypeError: Cannot read properties of null (reading 'forEach')
[2026-06-22T02:05:41.775Z] error: Failed to load services.yaml, please check for errors
[2026-06-22T02:05:41.775Z] error: TypeError: Cannot read properties of null (reading 'forEach')
[2026-06-22T02:05:42.781Z] error: Failed to load services.yaml, please check for errors
[2026-06-22T02:05:42.781Z] error: TypeError: Cannot read properties of null (reading 'forEach')
[2026-06-22T02:05:44.031Z] error: Failed to load services.yaml, please check for errors
[2026-06-22T02:05:44.031Z] error: TypeError: Cannot read properties of null (reading 'forEach')
[2026-06-23T01:12:57.875Z] error: undefined
[2026-06-23T01:12:57.882Z] error: undefined
[2026-06-23T01:12:57.889Z] error: TypeError: Invalid URL
    at new URL (node:internal/url:818:25)
    at l (/app/.next/server/pages/index.js:14:72402)
    at renderWithHooks (/app/node_modules/.pnpm/react-dom@19.2.5_react@19.2.5/node_modules/react-dom/cjs/react-dom-server.edge.production.js:4747:18)
    at renderElement (/app/node_modules/.pnpm/react-dom@19.2.5_react@19.2.5/node_modules/react-dom/cjs/react-dom-server.edge.production.js:4885:14)
    at retryNode (/app/node_modules/.pnpm/react-dom@19.2.5_react@19.2.5/node_modules/react-dom/cjs/react-dom-server.edge.production.js:5603:16)
    at renderNodeDestructive (/app/node_modules/.pnpm/react-dom@19.2.5_react@19.2.5/node_modules/react-dom/cjs/react-dom-server.edge.production.js:5397:7)
    at renderNode (/app/node_modules/.pnpm/react-dom@19.2.5_react@19.2.5/node_modules/react-dom/cjs/react-dom-server.edge.production.js:5964:14)
    at renderChildrenArray (/app/node_modules/.pnpm/react-dom@19.2.5_react@19.2.5/node_modules/react-dom/cjs/react-dom-server.edge.production.js:5746:7)
    at retryNode (/app/node_modules/.pnpm/react-dom@19.2.5_react@19.2.5/node_modules/react-dom/cjs/react-dom-server.edge.production.js:5617:9)
    at renderNodeDestructive (/app/node_modules/.pnpm/react-dom@19.2.5_react@19.2.5/node_modules/react-dom/cjs/react-dom-server.edge.production.js:5397:7)
[2026-06-23T01:12:57.904Z] error: TypeError: Invalid URL
    at new URL (node:internal/url:818:25)
    at l (/app/.next/server/pages/index.js:14:72402)
    at renderWithHooks (/app/node_modules/.pnpm/react-dom@19.2.5_react@19.2.5/node_modules/react-dom/cjs/react-dom-server.edge.production.js:4747:18)
    at renderElement (/app/node_modules/.pnpm/react-dom@19.2.5_react@19.2.5/node_modules/react-dom/cjs/react-dom-server.edge.production.js:4885:14)
    at retryNode (/app/node_modules/.pnpm/react-dom@19.2.5_react@19.2.5/node_modules/react-dom/cjs/react-dom-server.edge.production.js:5603:16)
    at renderNodeDestructive (/app/node_modules/.pnpm/react-dom@19.2.5_react@19.2.5/node_modules/react-dom/cjs/react-dom-server.edge.production.js:5397:7)
    at renderNode (/app/node_modules/.pnpm/react-dom@19.2.5_react@19.2.5/node_modules/react-dom/cjs/react-dom-server.edge.production.js:5964:14)
    at renderChildrenArray (/app/node_modules/.pnpm/react-dom@19.2.5_react@19.2.5/node_modules/react-dom/cjs/react-dom-server.edge.production.js:5746:7)
    at retryNode (/app/node_modules/.pnpm/react-dom@19.2.5_react@19.2.5/node_modules/react-dom/cjs/react-dom-server.edge.production.js:5617:9)
    at renderNodeDestructive (/app/node_modules/.pnpm/react-dom@19.2.5_react@19.2.5/node_modules/react-dom/cjs/react-dom-server.edge.production.js:5397:7)
[2026-06-23T01:13:26.951Z] error: undefined
[2026-06-23T01:13:26.953Z] error: TypeError: Invalid URL
    at new URL (node:internal/url:818:25)
    at l (/app/.next/server/pages/index.js:14:72402)
    at renderWithHooks (/app/node_modules/.pnpm/react-dom@19.2.5_react@19.2.5/node_modules/react-dom/cjs/react-dom-server.edge.production.js:4747:18)
    at renderElement (/app/node_modules/.pnpm/react-dom@19.2.5_react@19.2.5/node_modules/react-dom/cjs/react-dom-server.edge.production.js:4885:14)
    at retryNode (/app/node_modules/.pnpm/react-dom@19.2.5_react@19.2.5/node_modules/react-dom/cjs/react-dom-server.edge.production.js:5603:16)
    at renderNodeDestructive (/app/node_modules/.pnpm/react-dom@19.2.5_react@19.2.5/node_modules/react-dom/cjs/react-dom-server.edge.production.js:5397:7)
    at renderNode (/app/node_modules/.pnpm/react-dom@19.2.5_react@19.2.5/node_modules/react-dom/cjs/react-dom-server.edge.production.js:5964:14)
    at renderChildrenArray (/app/node_modules/.pnpm/react-dom@19.2.5_react@19.2.5/node_modules/react-dom/cjs/react-dom-server.edge.production.js:5746:7)
    at retryNode (/app/node_modules/.pnpm/react-dom@19.2.5_react@19.2.5/node_modules/react-dom/cjs/react-dom-server.edge.production.js:5617:9)
    at renderNodeDestructive (/app/node_modules/.pnpm/react-dom@19.2.5_react@19.2.5/node_modules/react-dom/cjs/react-dom-server.edge.production.js:5397:7)
[2026-06-23T01:13:26.957Z] error: undefined
[2026-06-23T01:18:48.588Z] error: undefined
[2026-06-23T01:18:48.597Z] error: undefined
[2026-06-23T01:18:48.603Z] error: TypeError: Invalid URL
    at new URL (node:internal/url:818:25)
    at l (/app/.next/server/pages/index.js:14:72402)
    at renderWithHooks (/app/node_modules/.pnpm/react-dom@19.2.5_react@19.2.5/node_modules/react-dom/cjs/react-dom-server.edge.production.js:4747:18)
    at renderElement (/app/node_modules/.pnpm/react-dom@19.2.5_react@19.2.5/node_modules/react-dom/cjs/react-dom-server.edge.production.js:4885:14)
    at retryNode (/app/node_modules/.pnpm/react-dom@19.2.5_react@19.2.5/node_modules/react-dom/cjs/react-dom-server.edge.production.js:5603:16)
    at renderNodeDestructive (/app/node_modules/.pnpm/react-dom@19.2.5_react@19.2.5/node_modules/react-dom/cjs/react-dom-server.edge.production.js:5397:7)
    at renderNode (/app/node_modules/.pnpm/react-dom@19.2.5_react@19.2.5/node_modules/react-dom/cjs/react-dom-server.edge.production.js:5964:14)
    at renderChildrenArray (/app/node_modules/.pnpm/react-dom@19.2.5_react@19.2.5/node_modules/react-dom/cjs/react-dom-server.edge.production.js:5746:7)
    at retryNode (/app/node_modules/.pnpm/react-dom@19.2.5_react@19.2.5/node_modules/react-dom/cjs/react-dom-server.edge.production.js:5617:9)
    at renderNodeDestructive (/app/node_modules/.pnpm/react-dom@19.2.5_react@19.2.5/node_modules/react-dom/cjs/react-dom-server.edge.production.js:5397:7)
[2026-06-23T01:18:48.619Z] error: TypeError: Invalid URL
    at new URL (node:internal/url:818:25)
    at l (/app/.next/server/pages/index.js:14:72402)
    at renderWithHooks (/app/node_modules/.pnpm/react-dom@19.2.5_react@19.2.5/node_modules/react-dom/cjs/react-dom-server.edge.production.js:4747:18)
    at renderElement (/app/node_modules/.pnpm/react-dom@19.2.5_react@19.2.5/node_modules/react-dom/cjs/react-dom-server.edge.production.js:4885:14)
    at retryNode (/app/node_modules/.pnpm/react-dom@19.2.5_react@19.2.5/node_modules/react-dom/cjs/react-dom-server.edge.production.js:5603:16)
    at renderNodeDestructive (/app/node_modules/.pnpm/react-dom@19.2.5_react@19.2.5/node_modules/react-dom/cjs/react-dom-server.edge.production.js:5397:7)
    at renderNode (/app/node_modules/.pnpm/react-dom@19.2.5_react@19.2.5/node_modules/react-dom/cjs/react-dom-server.edge.production.js:5964:14)
    at renderChildrenArray (/app/node_modules/.pnpm/react-dom@19.2.5_react@19.2.5/node_modules/react-dom/cjs/react-dom-server.edge.production.js:5746:7)
    at retryNode (/app/node_modules/.pnpm/react-dom@19.2.5_react@19.2.5/node_modules/react-dom/cjs/react-dom-server.edge.production.js:5617:9)
    at renderNodeDestructive (/app/node_modules/.pnpm/react-dom@19.2.5_react@19.2.5/node_modules/react-dom/cjs/react-dom-server.edge.production.js:5397:7)
[2026-06-23T01:19:56.347Z] error: undefined
[2026-06-23T01:19:56.350Z] error: TypeError: Invalid URL
    at new URL (node:internal/url:818:25)
    at l (/app/.next/server/pages/index.js:14:72402)
    at renderWithHooks (/app/node_modules/.pnpm/react-dom@19.2.5_react@19.2.5/node_modules/react-dom/cjs/react-dom-server.edge.production.js:4747:18)
    at renderElement (/app/node_modules/.pnpm/react-dom@19.2.5_react@19.2.5/node_modules/react-dom/cjs/react-dom-server.edge.production.js:4885:14)
    at retryNode (/app/node_modules/.pnpm/react-dom@19.2.5_react@19.2.5/node_modules/react-dom/cjs/react-dom-server.edge.production.js:5603:16)
    at renderNodeDestructive (/app/node_modules/.pnpm/react-dom@19.2.5_react@19.2.5/node_modules/react-dom/cjs/react-dom-server.edge.production.js:5397:7)
    at renderNode (/app/node_modules/.pnpm/react-dom@19.2.5_react@19.2.5/node_modules/react-dom/cjs/react-dom-server.edge.production.js:5964:14)
    at renderChildrenArray (/app/node_modules/.pnpm/react-dom@19.2.5_react@19.2.5/node_modules/react-dom/cjs/react-dom-server.edge.production.js:5746:7)
    at retryNode (/app/node_modules/.pnpm/react-dom@19.2.5_react@19.2.5/node_modules/react-dom/cjs/react-dom-server.edge.production.js:5617:9)
    at renderNodeDestructive (/app/node_modules/.pnpm/react-dom@19.2.5_react@19.2.5/node_modules/react-dom/cjs/react-dom-server.edge.production.js:5397:7)
[2026-06-23T01:19:56.355Z] error: undefined
